// Jest Snapshot v1, https://goo.gl/fbAQLP

exports[`ProductGrid renders and matches snapshot 1`] = `
<DocumentFragment>
  <div
    class="style__Grid-sc-15ghthz-0 bNIUmK"
  >
    <div
      class="style__Container-g760h8-0 gPFdvq"
      data-testid="product"
    >
      <div
        class="style__Content-g760h8-5 tttFT"
      >
        <div
          class="buy"
        >
          <div
            class="style__NeedCoins-g760h8-1 aNIgB"
            data-testid="need-coins"
          >
            You need 500 
            <img
              alt="Coin"
              class="Coin__Img-sc-1i19xvt-0 cnqtJE"
              src="/static/images/coin.svg"
            />
          </div>
        </div>
        <img
          alt="iPhone"
          class="style__Img-g760h8-2 frYZGq"
          src="/static/image/image.png"
        />
        <div
          class="description"
        >
          <span
            class="category"
            data-testid="category"
          >
            Phones
          </span>
          <span
            class="name"
            data-testid="name"
          >
            iPhone
          </span>
        </div>
      </div>
    </div>
  </div>
</DocumentFragment>
`;
